------------------------------------------------------------
Timing Analyzer Summary
------------------------------------------------------------

Type  : Slow 1100mV 85C Model Setup 'SW9'
Slack : -6.387
TNS   : -48.625

Type  : Slow 1100mV 85C Model Hold 'SW9'
Slack : 0.829
TNS   : 0.000

Type  : Slow 1100mV 85C Model Minimum Pulse Width 'PB0'
Slack : -0.538
TNS   : -6.304

Type  : Slow 1100mV 85C Model Minimum Pulse Width 'PB1'
Slack : -0.538
TNS   : -6.296

Type  : Slow 1100mV 85C Model Minimum Pulse Width 'SW9'
Slack : 0.204
TNS   : 0.000

Type  : Slow 1100mV 0C Model Setup 'SW9'
Slack : -6.446
TNS   : -49.484

Type  : Slow 1100mV 0C Model Hold 'SW9'
Slack : 0.856
TNS   : 0.000

Type  : Slow 1100mV 0C Model Minimum Pulse Width 'PB1'
Slack : -0.538
TNS   : -6.740

Type  : Slow 1100mV 0C Model Minimum Pulse Width 'PB0'
Slack : -0.538
TNS   : -6.481

Type  : Slow 1100mV 0C Model Minimum Pulse Width 'SW9'
Slack : 0.223
TNS   : 0.000

Type  : Fast 1100mV 85C Model Setup 'SW9'
Slack : -2.713
TNS   : -18.910

Type  : Fast 1100mV 85C Model Hold 'SW9'
Slack : 0.351
TNS   : 0.000

Type  : Fast 1100mV 85C Model Minimum Pulse Width 'PB0'
Slack : -0.062
TNS   : -0.486

Type  : Fast 1100mV 85C Model Minimum Pulse Width 'PB1'
Slack : -0.060
TNS   : -0.472

Type  : Fast 1100mV 85C Model Minimum Pulse Width 'SW9'
Slack : -0.035
TNS   : -0.254

Type  : Fast 1100mV 0C Model Setup 'SW9'
Slack : -2.430
TNS   : -16.783

Type  : Fast 1100mV 0C Model Hold 'SW9'
Slack : 0.332
TNS   : 0.000

Type  : Fast 1100mV 0C Model Minimum Pulse Width 'PB0'
Slack : -0.077
TNS   : -0.606

Type  : Fast 1100mV 0C Model Minimum Pulse Width 'PB1'
Slack : -0.073
TNS   : -0.576

Type  : Fast 1100mV 0C Model Minimum Pulse Width 'SW9'
Slack : -0.026
TNS   : -0.122

------------------------------------------------------------
